mode: atomic
github.com/garaemon/devgo/main.go:10.13,11.38 1 0
github.com/garaemon/devgo/main.go:11.38,14.3 2 0
github.com/garaemon/devgo/pkg/config/config.go:45.30,54.2 2 2
github.com/garaemon/devgo/pkg/config/config.go:58.39,59.52 1 2
github.com/garaemon/devgo/pkg/config/config.go:59.52,61.3 1 1
github.com/garaemon/devgo/pkg/config/config.go:62.2,63.16 2 1
github.com/garaemon/devgo/pkg/config/config.go:63.16,65.3 1 0
github.com/garaemon/devgo/pkg/config/config.go:66.2,66.68 1 1
github.com/garaemon/devgo/pkg/config/config.go:71.44,73.16 2 0
github.com/garaemon/devgo/pkg/config/config.go:73.16,75.3 1 0
github.com/garaemon/devgo/pkg/config/config.go:76.2,76.33 1 0
github.com/garaemon/devgo/pkg/config/config.go:81.59,83.16 2 4
github.com/garaemon/devgo/pkg/config/config.go:83.16,84.37 1 1
github.com/garaemon/devgo/pkg/config/config.go:84.37,86.4 1 1
github.com/garaemon/devgo/pkg/config/config.go:87.3,87.73 1 0
github.com/garaemon/devgo/pkg/config/config.go:90.2,91.51 2 3
github.com/garaemon/devgo/pkg/config/config.go:91.51,93.3 1 1
github.com/garaemon/devgo/pkg/config/config.go:94.2,94.18 1 2
github.com/garaemon/devgo/pkg/config/config.go:97.46,98.42 1 11
github.com/garaemon/devgo/pkg/config/config.go:98.42,100.3 1 4
github.com/garaemon/devgo/pkg/config/config.go:101.2,101.21 1 7
github.com/garaemon/devgo/pkg/devcontainer/devcontainer.go:47.50,49.58 2 5
github.com/garaemon/devgo/pkg/devcontainer/devcontainer.go:49.58,51.22 2 3
github.com/garaemon/devgo/pkg/devcontainer/devcontainer.go:51.22,53.4 1 0
github.com/garaemon/devgo/pkg/devcontainer/devcontainer.go:54.3,55.13 2 3
github.com/garaemon/devgo/pkg/devcontainer/devcontainer.go:59.2,61.58 3 2
github.com/garaemon/devgo/pkg/devcontainer/devcontainer.go:61.58,63.3 1 0
github.com/garaemon/devgo/pkg/devcontainer/devcontainer.go:64.2,65.12 2 2
github.com/garaemon/devgo/pkg/devcontainer/devcontainer.go:73.52,75.50 2 3
github.com/garaemon/devgo/pkg/devcontainer/devcontainer.go:75.50,76.18 1 9
github.com/garaemon/devgo/pkg/devcontainer/devcontainer.go:76.18,77.12 1 0
github.com/garaemon/devgo/pkg/devcontainer/devcontainer.go:79.3,80.25 2 9
github.com/garaemon/devgo/pkg/devcontainer/devcontainer.go:80.25,81.12 1 0
github.com/garaemon/devgo/pkg/devcontainer/devcontainer.go:83.3,85.14 3 9
github.com/garaemon/devgo/pkg/devcontainer/devcontainer.go:86.15,87.27 1 3
github.com/garaemon/devgo/pkg/devcontainer/devcontainer.go:88.24,89.29 1 3
github.com/garaemon/devgo/pkg/devcontainer/devcontainer.go:90.39,91.29 1 3
github.com/garaemon/devgo/pkg/devcontainer/devcontainer.go:94.2,94.24 1 3
github.com/garaemon/devgo/pkg/devcontainer/devcontainer.go:94.24,96.3 1 0
github.com/garaemon/devgo/pkg/devcontainer/devcontainer.go:97.2,97.19 1 3
github.com/garaemon/devgo/pkg/devcontainer/devcontainer.go:140.52,142.16 2 22
github.com/garaemon/devgo/pkg/devcontainer/devcontainer.go:142.16,144.3 1 1
github.com/garaemon/devgo/pkg/devcontainer/devcontainer.go:146.2,147.61 2 21
github.com/garaemon/devgo/pkg/devcontainer/devcontainer.go:147.61,149.3 1 1
github.com/garaemon/devgo/pkg/devcontainer/devcontainer.go:151.2,151.27 1 20
github.com/garaemon/devgo/pkg/devcontainer/devcontainer.go:154.41,156.2 1 2
github.com/garaemon/devgo/pkg/devcontainer/devcontainer.go:158.41,160.50 1 9
github.com/garaemon/devgo/pkg/devcontainer/devcontainer.go:160.50,162.3 1 3
github.com/garaemon/devgo/pkg/devcontainer/devcontainer.go:163.2,163.28 1 6
github.com/garaemon/devgo/pkg/devcontainer/devcontainer.go:166.52,168.50 1 5
github.com/garaemon/devgo/pkg/devcontainer/devcontainer.go:168.50,170.3 1 1
github.com/garaemon/devgo/pkg/devcontainer/devcontainer.go:171.2,171.22 1 4
github.com/garaemon/devgo/pkg/devcontainer/devcontainer.go:174.50,175.47 1 3
github.com/garaemon/devgo/pkg/devcontainer/devcontainer.go:175.47,177.3 1 1
github.com/garaemon/devgo/pkg/devcontainer/devcontainer.go:178.2,178.12 1 2
github.com/garaemon/devgo/pkg/devcontainer/devcontainer.go:181.63,182.21 1 0
github.com/garaemon/devgo/pkg/devcontainer/devcontainer.go:182.21,184.3 1 0
github.com/garaemon/devgo/pkg/devcontainer/devcontainer.go:185.2,185.12 1 0
github.com/garaemon/devgo/pkg/devcontainer/devcontainer.go:188.49,189.21 1 3
github.com/garaemon/devgo/pkg/devcontainer/devcontainer.go:189.21,191.3 1 2
github.com/garaemon/devgo/pkg/devcontainer/devcontainer.go:192.2,192.11 1 1
github.com/garaemon/devgo/pkg/devcontainer/devcontainer.go:195.52,196.21 1 3
github.com/garaemon/devgo/pkg/devcontainer/devcontainer.go:196.21,198.3 1 2
github.com/garaemon/devgo/pkg/devcontainer/devcontainer.go:199.2,199.12 1 1
github.com/garaemon/devgo/pkg/devcontainer/devcontainer.go:202.54,203.50 1 5
github.com/garaemon/devgo/pkg/devcontainer/devcontainer.go:203.50,205.3 1 2
github.com/garaemon/devgo/pkg/devcontainer/devcontainer.go:207.2,207.40 1 3
github.com/garaemon/devgo/pkg/devcontainer/devcontainer.go:208.14,209.21 1 1
github.com/garaemon/devgo/pkg/devcontainer/devcontainer.go:210.21,212.26 2 2
github.com/garaemon/devgo/pkg/devcontainer/devcontainer.go:212.26,213.36 1 4
github.com/garaemon/devgo/pkg/devcontainer/devcontainer.go:213.36,215.5 1 4
github.com/garaemon/devgo/pkg/devcontainer/devcontainer.go:217.3,217.19 1 2
github.com/garaemon/devgo/pkg/devcontainer/devcontainer.go:218.10,219.13 1 0
github.com/garaemon/devgo/pkg/devcontainer/devcontainer.go:223.53,224.30 1 2
github.com/garaemon/devgo/pkg/devcontainer/devcontainer.go:224.30,226.3 1 1
github.com/garaemon/devgo/pkg/devcontainer/devcontainer.go:227.2,227.21 1 1
github.com/garaemon/devgo/pkg/devcontainer/devcontainer.go:230.51,231.28 1 5
github.com/garaemon/devgo/pkg/devcontainer/devcontainer.go:231.28,233.3 1 3
github.com/garaemon/devgo/pkg/devcontainer/devcontainer.go:234.2,234.15 1 2
github.com/garaemon/devgo/pkg/devcontainer/devcontainer.go:237.58,240.35 1 3
github.com/garaemon/devgo/pkg/devcontainer/devcontainer.go:240.35,242.3 1 2
github.com/garaemon/devgo/pkg/devcontainer/devcontainer.go:244.2,244.13 1 1
github.com/garaemon/devgo/pkg/devcontainer/devcontainer.go:247.48,249.25 1 6
github.com/garaemon/devgo/pkg/devcontainer/devcontainer.go:249.25,251.3 1 3
github.com/garaemon/devgo/pkg/devcontainer/devcontainer.go:252.2,252.30 1 3
github.com/garaemon/devgo/pkg/devcontainer/devcontainer.go:255.61,256.33 1 4
github.com/garaemon/devgo/pkg/devcontainer/devcontainer.go:256.33,258.3 1 1
github.com/garaemon/devgo/pkg/devcontainer/devcontainer.go:259.2,259.43 1 3
github.com/garaemon/devgo/pkg/devcontainer/devcontainer.go:262.59,263.31 1 6
github.com/garaemon/devgo/pkg/devcontainer/devcontainer.go:263.31,265.3 1 1
github.com/garaemon/devgo/pkg/devcontainer/devcontainer.go:266.2,266.41 1 5
github.com/garaemon/devgo/pkg/devcontainer/devcontainer.go:269.64,270.36 1 5
github.com/garaemon/devgo/pkg/devcontainer/devcontainer.go:270.36,272.3 1 1
github.com/garaemon/devgo/pkg/devcontainer/devcontainer.go:273.2,273.46 1 4
github.com/garaemon/devgo/pkg/devcontainer/devcontainer.go:276.61,277.33 1 5
github.com/garaemon/devgo/pkg/devcontainer/devcontainer.go:277.33,279.3 1 1
github.com/garaemon/devgo/pkg/devcontainer/devcontainer.go:280.2,280.43 1 4
github.com/garaemon/devgo/pkg/devcontainer/devcontainer.go:283.60,284.32 1 8
github.com/garaemon/devgo/pkg/devcontainer/devcontainer.go:284.32,286.3 1 1
github.com/garaemon/devgo/pkg/devcontainer/devcontainer.go:287.2,287.42 1 7
github.com/garaemon/devgo/pkg/devcontainer/devcontainer.go:290.61,291.33 1 7
github.com/garaemon/devgo/pkg/devcontainer/devcontainer.go:291.33,293.3 1 1
github.com/garaemon/devgo/pkg/devcontainer/devcontainer.go:294.2,294.43 1 6
github.com/garaemon/devgo/pkg/devcontainer/devcontainer.go:297.45,298.22 1 21
github.com/garaemon/devgo/pkg/devcontainer/devcontainer.go:298.22,300.3 1 19
github.com/garaemon/devgo/pkg/devcontainer/devcontainer.go:301.2,301.36 1 2
github.com/garaemon/devgo/pkg/devcontainer/devcontainer.go:304.71,307.17 2 13
github.com/garaemon/devgo/pkg/devcontainer/devcontainer.go:308.32,309.49 1 2
github.com/garaemon/devgo/pkg/devcontainer/devcontainer.go:310.30,312.41 1 3
github.com/garaemon/devgo/pkg/devcontainer/devcontainer.go:313.35,316.46 1 3
github.com/garaemon/devgo/pkg/devcontainer/devcontainer.go:317.32,321.43 1 2
github.com/garaemon/devgo/pkg/devcontainer/devcontainer.go:322.31,327.42 1 2
github.com/garaemon/devgo/pkg/devcontainer/devcontainer.go:328.10,329.15 1 1
github.com/garaemon/devgo/pkg/devcontainer/devcontainer.go:334.44,336.2 1 3
github.com/garaemon/devgo/pkg/devcontainer/devcontainer.go:342.53,343.27 1 1
github.com/garaemon/devgo/pkg/devcontainer/devcontainer.go:343.27,345.3 1 0
github.com/garaemon/devgo/pkg/devcontainer/devcontainer.go:347.2,348.31 2 1
github.com/garaemon/devgo/pkg/devcontainer/devcontainer.go:348.31,350.3 1 3
github.com/garaemon/devgo/pkg/devcontainer/devcontainer.go:351.2,354.27 3 1
github.com/garaemon/devgo/pkg/devcontainer/devcontainer.go:354.27,359.3 1 3
github.com/garaemon/devgo/pkg/devcontainer/devcontainer.go:360.2,360.14 1 1
github.com/garaemon/devgo/pkg/devcontainer/devcontainer.go:366.70,367.47 1 3
github.com/garaemon/devgo/pkg/devcontainer/devcontainer.go:367.47,369.3 1 2
github.com/garaemon/devgo/pkg/devcontainer/devcontainer.go:370.2,370.33 1 1
github.com/garaemon/devgo/pkg/devcontainer/devcontainer.go:373.49,375.2 1 2
github.com/garaemon/devgo/pkg/devcontainer/devcontainer.go:377.58,378.33 1 2
github.com/garaemon/devgo/pkg/devcontainer/devcontainer.go:378.33,380.3 1 0
github.com/garaemon/devgo/pkg/devcontainer/devcontainer.go:382.2,382.42 1 2
github.com/garaemon/devgo/pkg/devcontainer/devcontainer.go:383.14,384.21 1 1
github.com/garaemon/devgo/pkg/devcontainer/devcontainer.go:385.21,387.26 2 1
github.com/garaemon/devgo/pkg/devcontainer/devcontainer.go:387.26,388.36 1 2
github.com/garaemon/devgo/pkg/devcontainer/devcontainer.go:388.36,390.5 1 2
github.com/garaemon/devgo/pkg/devcontainer/devcontainer.go:392.3,392.15 1 1
github.com/garaemon/devgo/pkg/devcontainer/devcontainer.go:393.10,394.13 1 0
github.com/garaemon/devgo/pkg/devcontainer/devcontainer.go:398.45,400.2 1 1
github.com/garaemon/devgo/pkg/devcontainer/devcontainer.go:402.51,404.2 1 1
github.com/garaemon/devgo/pkg/devcontainer/devcontainer.go:408.86,409.28 1 1
github.com/garaemon/devgo/pkg/devcontainer/devcontainer.go:409.28,411.3 1 0
github.com/garaemon/devgo/pkg/devcontainer/devcontainer.go:413.2,418.36 2 1
github.com/garaemon/devgo/pkg/devcontainer/devcontainer.go:418.36,420.3 1 6
github.com/garaemon/devgo/pkg/devcontainer/devcontainer.go:422.2,422.15 1 1
github.com/garaemon/devgo/pkg/devcontainer/devcontainer.go:425.85,430.66 2 6
github.com/garaemon/devgo/pkg/devcontainer/devcontainer.go:430.66,432.27 2 6
github.com/garaemon/devgo/pkg/devcontainer/devcontainer.go:432.27,434.4 1 0
github.com/garaemon/devgo/pkg/devcontainer/devcontainer.go:436.3,439.18 3 6
github.com/garaemon/devgo/pkg/devcontainer/devcontainer.go:440.23,441.38 1 4
github.com/garaemon/devgo/pkg/devcontainer/devcontainer.go:441.38,443.5 1 3
github.com/garaemon/devgo/pkg/devcontainer/devcontainer.go:444.19,445.28 1 2
github.com/garaemon/devgo/pkg/devcontainer/devcontainer.go:448.3,448.12 1 1
github.com/garaemon/devgo/pkg/devcontainer/devcontainer.go:452.45,453.16 1 35
github.com/garaemon/devgo/pkg/devcontainer/devcontainer.go:453.16,455.3 1 1
github.com/garaemon/devgo/pkg/devcontainer/devcontainer.go:457.2,457.25 1 34
github.com/garaemon/devgo/pkg/devcontainer/devcontainer.go:458.14,462.38 1 14
github.com/garaemon/devgo/pkg/devcontainer/devcontainer.go:463.21,468.25 2 17
github.com/garaemon/devgo/pkg/devcontainer/devcontainer.go:468.25,469.35 1 50
github.com/garaemon/devgo/pkg/devcontainer/devcontainer.go:469.35,471.5 1 43
github.com/garaemon/devgo/pkg/devcontainer/devcontainer.go:473.3,473.14 1 17
github.com/garaemon/devgo/pkg/devcontainer/devcontainer.go:474.10,475.13 1 3
github.com/garaemon/devgo/pkg/sshagent/sshagent.go:16.38,18.22 2 5
github.com/garaemon/devgo/pkg/sshagent/sshagent.go:18.22,20.3 1 2
github.com/garaemon/devgo/pkg/sshagent/sshagent.go:23.2,23.55 1 3
github.com/garaemon/devgo/pkg/sshagent/sshagent.go:23.55,25.3 1 1
github.com/garaemon/devgo/pkg/sshagent/sshagent.go:27.2,27.24 1 2
github.com/garaemon/devgo/pkg/sshagent/sshagent.go:31.60,37.2 1 1
github.com/garaemon/devgo/pkg/sshagent/sshagent.go:40.42,44.2 1 1
github.com/garaemon/devgo/pkg/sshagent/sshagent.go:47.25,50.2 2 2
github.com/garaemon/devgo/pkg/dotfiles/dotfiles.go:57.31,57.32 0 21
github.com/garaemon/devgo/pkg/dotfiles/dotfiles.go:78.88,79.14 1 6
github.com/garaemon/devgo/pkg/dotfiles/dotfiles.go:79.14,81.3 1 1
github.com/garaemon/devgo/pkg/dotfiles/dotfiles.go:83.2,84.20 2 5
github.com/garaemon/devgo/pkg/dotfiles/dotfiles.go:84.20,88.3 3 4
github.com/garaemon/devgo/pkg/dotfiles/dotfiles.go:89.2,89.31 1 5
github.com/garaemon/devgo/pkg/dotfiles/dotfiles.go:89.31,91.3 1 2
github.com/garaemon/devgo/pkg/dotfiles/dotfiles.go:92.2,92.31 1 5
github.com/garaemon/devgo/pkg/dotfiles/dotfiles.go:92.31,94.3 1 1
github.com/garaemon/devgo/pkg/dotfiles/dotfiles.go:95.2,95.35 1 5
github.com/garaemon/devgo/pkg/dotfiles/dotfiles.go:95.35,97.3 1 1
github.com/garaemon/devgo/pkg/dotfiles/dotfiles.go:99.2,99.26 1 5
github.com/garaemon/devgo/pkg/dotfiles/dotfiles.go:99.26,101.3 1 1
github.com/garaemon/devgo/pkg/dotfiles/dotfiles.go:102.2,102.26 1 4
github.com/garaemon/devgo/pkg/dotfiles/dotfiles.go:102.26,104.3 1 2
github.com/garaemon/devgo/pkg/dotfiles/dotfiles.go:105.2,105.12 1 4
github.com/garaemon/devgo/pkg/dotfiles/dotfiles.go:125.103,126.16 1 15
github.com/garaemon/devgo/pkg/dotfiles/dotfiles.go:126.16,128.3 1 1
github.com/garaemon/devgo/pkg/dotfiles/dotfiles.go:129.2,129.26 1 14
github.com/garaemon/devgo/pkg/dotfiles/dotfiles.go:129.26,131.3 1 0
github.com/garaemon/devgo/pkg/dotfiles/dotfiles.go:132.2,132.17 1 14
github.com/garaemon/devgo/pkg/dotfiles/dotfiles.go:132.17,134.3 1 14
github.com/garaemon/devgo/pkg/dotfiles/dotfiles.go:136.2,137.16 2 14
github.com/garaemon/devgo/pkg/dotfiles/dotfiles.go:137.16,139.3 1 1
github.com/garaemon/devgo/pkg/dotfiles/dotfiles.go:141.2,142.16 2 13
github.com/garaemon/devgo/pkg/dotfiles/dotfiles.go:142.16,144.3 1 0
github.com/garaemon/devgo/pkg/dotfiles/dotfiles.go:146.2,146.12 1 13
github.com/garaemon/devgo/pkg/dotfiles/dotfiles.go:146.12,147.13 1 2
github.com/garaemon/devgo/pkg/dotfiles/dotfiles.go:147.13,150.4 2 1
github.com/garaemon/devgo/pkg/dotfiles/dotfiles.go:151.3,151.61 1 1
github.com/garaemon/devgo/pkg/dotfiles/dotfiles.go:151.61,153.4 1 0
github.com/garaemon/devgo/pkg/dotfiles/dotfiles.go:156.2,157.75 2 12
github.com/garaemon/devgo/pkg/dotfiles/dotfiles.go:157.75,159.3 1 0
github.com/garaemon/devgo/pkg/dotfiles/dotfiles.go:161.2,162.16 2 12
github.com/garaemon/devgo/pkg/dotfiles/dotfiles.go:162.16,164.3 1 2
github.com/garaemon/devgo/pkg/dotfiles/dotfiles.go:165.2,165.18 1 10
github.com/garaemon/devgo/pkg/dotfiles/dotfiles.go:165.18,168.3 2 4
github.com/garaemon/devgo/pkg/dotfiles/dotfiles.go:170.2,170.74 1 6
github.com/garaemon/devgo/pkg/dotfiles/dotfiles.go:170.74,172.3 1 2
github.com/garaemon/devgo/pkg/dotfiles/dotfiles.go:174.2,175.12 2 4
github.com/garaemon/devgo/pkg/dotfiles/dotfiles.go:183.86,184.45 1 19
github.com/garaemon/devgo/pkg/dotfiles/dotfiles.go:184.45,185.32 1 7
github.com/garaemon/devgo/pkg/dotfiles/dotfiles.go:185.32,187.4 1 2
github.com/garaemon/devgo/pkg/dotfiles/dotfiles.go:188.3,188.16 1 5
github.com/garaemon/devgo/pkg/dotfiles/dotfiles.go:190.2,191.16 2 12
github.com/garaemon/devgo/pkg/dotfiles/dotfiles.go:191.16,193.3 1 0
github.com/garaemon/devgo/pkg/dotfiles/dotfiles.go:194.2,194.19 1 12
github.com/garaemon/devgo/pkg/dotfiles/dotfiles.go:194.19,196.3 1 0
github.com/garaemon/devgo/pkg/dotfiles/dotfiles.go:197.2,198.16 2 12
github.com/garaemon/devgo/pkg/dotfiles/dotfiles.go:198.16,200.3 1 0
github.com/garaemon/devgo/pkg/dotfiles/dotfiles.go:201.2,201.14 1 12
github.com/garaemon/devgo/pkg/dotfiles/dotfiles.go:201.14,203.3 1 1
github.com/garaemon/devgo/pkg/dotfiles/dotfiles.go:204.2,204.26 1 11
github.com/garaemon/devgo/pkg/dotfiles/dotfiles.go:207.83,210.16 3 47
github.com/garaemon/devgo/pkg/dotfiles/dotfiles.go:210.16,212.3 1 0
github.com/garaemon/devgo/pkg/dotfiles/dotfiles.go:213.2,213.27 1 47
github.com/garaemon/devgo/pkg/dotfiles/dotfiles.go:216.75,219.16 3 1
github.com/garaemon/devgo/pkg/dotfiles/dotfiles.go:219.16,221.3 1 0
github.com/garaemon/devgo/pkg/dotfiles/dotfiles.go:222.2,222.19 1 1
github.com/garaemon/devgo/pkg/dotfiles/dotfiles.go:222.19,224.3 1 0
github.com/garaemon/devgo/pkg/dotfiles/dotfiles.go:225.2,225.12 1 1
github.com/garaemon/devgo/pkg/dotfiles/dotfiles.go:228.85,231.16 3 13
github.com/garaemon/devgo/pkg/dotfiles/dotfiles.go:231.16,233.3 1 0
github.com/garaemon/devgo/pkg/dotfiles/dotfiles.go:234.2,234.19 1 13
github.com/garaemon/devgo/pkg/dotfiles/dotfiles.go:234.19,240.3 4 1
github.com/garaemon/devgo/pkg/dotfiles/dotfiles.go:241.2,241.12 1 12
github.com/garaemon/devgo/pkg/dotfiles/dotfiles.go:244.114,245.20 1 12
github.com/garaemon/devgo/pkg/dotfiles/dotfiles.go:245.20,253.37 3 5
github.com/garaemon/devgo/pkg/dotfiles/dotfiles.go:253.37,255.4 1 5
github.com/garaemon/devgo/pkg/dotfiles/dotfiles.go:256.3,257.17 2 5
github.com/garaemon/devgo/pkg/dotfiles/dotfiles.go:257.17,259.4 1 0
github.com/garaemon/devgo/pkg/dotfiles/dotfiles.go:260.3,260.14 1 5
github.com/garaemon/devgo/pkg/dotfiles/dotfiles.go:260.14,262.4 1 2
github.com/garaemon/devgo/pkg/dotfiles/dotfiles.go:263.3,263.23 1 3
github.com/garaemon/devgo/pkg/dotfiles/dotfiles.go:265.2,265.50 1 7
github.com/garaemon/devgo/pkg/dotfiles/dotfiles.go:265.50,268.17 3 29
github.com/garaemon/devgo/pkg/dotfiles/dotfiles.go:268.17,270.4 1 0
github.com/garaemon/devgo/pkg/dotfiles/dotfiles.go:271.3,271.13 1 29
github.com/garaemon/devgo/pkg/dotfiles/dotfiles.go:271.13,273.4 1 3
github.com/garaemon/devgo/pkg/dotfiles/dotfiles.go:275.2,275.16 1 4
github.com/garaemon/devgo/pkg/dotfiles/dotfiles.go:278.99,291.81 3 6
github.com/garaemon/devgo/pkg/dotfiles/dotfiles.go:291.81,293.3 1 6
github.com/garaemon/devgo/pkg/dotfiles/dotfiles.go:294.2,296.16 3 6
github.com/garaemon/devgo/pkg/dotfiles/dotfiles.go:296.16,298.3 1 0
github.com/garaemon/devgo/pkg/dotfiles/dotfiles.go:299.2,299.19 1 6
github.com/garaemon/devgo/pkg/dotfiles/dotfiles.go:299.19,305.41 2 2
github.com/garaemon/devgo/pkg/dotfiles/dotfiles.go:305.41,307.4 1 1
github.com/garaemon/devgo/pkg/dotfiles/dotfiles.go:308.3,308.108 1 2
github.com/garaemon/devgo/pkg/dotfiles/dotfiles.go:310.2,310.12 1 4
github.com/garaemon/devgo/pkg/dotfiles/dotfiles.go:317.42,319.2 1 21
github.com/garaemon/devgo/pkg/dotfiles/dotfiles.go:324.34,326.22 2 11
github.com/garaemon/devgo/pkg/dotfiles/dotfiles.go:326.22,328.3 1 0
github.com/garaemon/devgo/pkg/dotfiles/dotfiles.go:329.2,329.18 1 11
github.com/garaemon/devgo/pkg/dotfiles/dotfiles.go:335.34,337.2 1 81
github.com/garaemon/devgo/tools/covreport/main.go:32.13,41.22 8 0
github.com/garaemon/devgo/tools/covreport/main.go:41.22,44.3 2 0
github.com/garaemon/devgo/tools/covreport/main.go:45.2,45.19 1 0
github.com/garaemon/devgo/tools/covreport/main.go:45.19,47.17 2 0
github.com/garaemon/devgo/tools/covreport/main.go:47.17,50.4 2 0
github.com/garaemon/devgo/tools/covreport/main.go:51.3,51.23 1 0
github.com/garaemon/devgo/tools/covreport/main.go:54.2,55.16 2 0
github.com/garaemon/devgo/tools/covreport/main.go:55.16,58.3 2 0
github.com/garaemon/devgo/tools/covreport/main.go:60.2,61.26 2 0
github.com/garaemon/devgo/tools/covreport/main.go:61.26,63.17 2 0
github.com/garaemon/devgo/tools/covreport/main.go:63.17,66.4 2 0
github.com/garaemon/devgo/tools/covreport/main.go:69.2,71.21 3 0
github.com/garaemon/devgo/tools/covreport/main.go:71.21,73.17 2 0
github.com/garaemon/devgo/tools/covreport/main.go:73.17,76.4 2 0
github.com/garaemon/devgo/tools/covreport/main.go:77.3,77.18 1 0
github.com/garaemon/devgo/tools/covreport/main.go:80.2,80.85 1 0
github.com/garaemon/devgo/tools/covreport/main.go:83.56,85.16 2 0
github.com/garaemon/devgo/tools/covreport/main.go:85.16,87.3 1 0
github.com/garaemon/devgo/tools/covreport/main.go:88.2,88.57 1 0
github.com/garaemon/devgo/tools/covreport/main.go:88.57,89.76 1 0
github.com/garaemon/devgo/tools/covreport/main.go:89.76,91.4 1 0
github.com/garaemon/devgo/tools/covreport/main.go:93.2,93.63 1 0
github.com/garaemon/devgo/tools/covreport/main.go:124.64,126.16 2 6
github.com/garaemon/devgo/tools/covreport/main.go:126.16,128.3 1 1
github.com/garaemon/devgo/tools/covreport/main.go:130.2,131.65 2 5
github.com/garaemon/devgo/tools/covreport/main.go:131.65,133.53 2 23
github.com/garaemon/devgo/tools/covreport/main.go:133.53,134.12 1 10
github.com/garaemon/devgo/tools/covreport/main.go:136.3,137.17 2 13
github.com/garaemon/devgo/tools/covreport/main.go:137.17,139.4 1 1
github.com/garaemon/devgo/tools/covreport/main.go:140.3,140.59 1 12
github.com/garaemon/devgo/tools/covreport/main.go:140.59,141.12 1 2
github.com/garaemon/devgo/tools/covreport/main.go:143.3,143.69 1 10
github.com/garaemon/devgo/tools/covreport/main.go:145.2,145.28 1 4
github.com/garaemon/devgo/tools/covreport/main.go:151.59,153.19 2 23
github.com/garaemon/devgo/tools/covreport/main.go:153.19,155.3 1 4
github.com/garaemon/devgo/tools/covreport/main.go:156.2,160.38 4 19
github.com/garaemon/devgo/tools/covreport/main.go:160.38,162.3 1 3
github.com/garaemon/devgo/tools/covreport/main.go:163.2,168.8 1 16
github.com/garaemon/devgo/tools/covreport/main.go:205.59,207.16 2 0
github.com/garaemon/devgo/tools/covreport/main.go:207.16,209.3 1 0
github.com/garaemon/devgo/tools/covreport/main.go:210.2,210.39 1 0
github.com/garaemon/devgo/tools/covreport/main.go:215.75,218.57 3 2
github.com/garaemon/devgo/tools/covreport/main.go:218.57,219.10 1 29
github.com/garaemon/devgo/tools/covreport/main.go:220.40,223.64 3 6
github.com/garaemon/devgo/tools/covreport/main.go:223.64,225.5 1 0
github.com/garaemon/devgo/tools/covreport/main.go:226.4,226.27 1 6
github.com/garaemon/devgo/tools/covreport/main.go:226.27,227.13 1 1
github.com/garaemon/devgo/tools/covreport/main.go:229.4,230.27 2 5
github.com/garaemon/devgo/tools/covreport/main.go:230.27,232.5 1 3
github.com/garaemon/devgo/tools/covreport/main.go:233.60,235.18 2 4
github.com/garaemon/devgo/tools/covreport/main.go:235.18,237.5 1 1
github.com/garaemon/devgo/tools/covreport/main.go:238.4,238.50 1 3
github.com/garaemon/devgo/tools/covreport/main.go:238.50,240.5 1 3
github.com/garaemon/devgo/tools/covreport/main.go:243.2,243.19 1 1
github.com/garaemon/devgo/tools/covreport/main.go:256.38,261.2 1 17
github.com/garaemon/devgo/tools/covreport/main.go:265.73,267.31 2 8
github.com/garaemon/devgo/tools/covreport/main.go:267.31,268.37 1 24
github.com/garaemon/devgo/tools/covreport/main.go:268.37,269.12 1 17
github.com/garaemon/devgo/tools/covreport/main.go:271.3,273.73 3 7
github.com/garaemon/devgo/tools/covreport/main.go:273.73,275.18 2 4
github.com/garaemon/devgo/tools/covreport/main.go:275.18,277.5 1 0
github.com/garaemon/devgo/tools/covreport/main.go:278.4,278.42 1 4
github.com/garaemon/devgo/tools/covreport/main.go:280.3,281.17 2 7
github.com/garaemon/devgo/tools/covreport/main.go:281.17,283.4 1 0
github.com/garaemon/devgo/tools/covreport/main.go:284.3,284.35 1 7
github.com/garaemon/devgo/tools/covreport/main.go:286.2,286.59 1 1
github.com/garaemon/devgo/tools/covreport/main.go:303.39,304.23 1 0
github.com/garaemon/devgo/tools/covreport/main.go:304.23,306.3 1 0
github.com/garaemon/devgo/tools/covreport/main.go:307.2,307.62 1 0
github.com/garaemon/devgo/tools/covreport/main.go:313.47,315.29 2 10
github.com/garaemon/devgo/tools/covreport/main.go:315.29,317.3 1 6
github.com/garaemon/devgo/tools/covreport/main.go:321.60,323.37 2 0
github.com/garaemon/devgo/tools/covreport/main.go:323.37,326.40 3 0
github.com/garaemon/devgo/tools/covreport/main.go:326.40,328.4 1 0
github.com/garaemon/devgo/tools/covreport/main.go:329.3,329.39 1 0
github.com/garaemon/devgo/tools/covreport/main.go:331.2,331.17 1 0
github.com/garaemon/devgo/tools/covreport/main.go:336.45,338.34 2 4
github.com/garaemon/devgo/tools/covreport/main.go:338.34,339.40 1 5
github.com/garaemon/devgo/tools/covreport/main.go:339.40,341.4 1 9
github.com/garaemon/devgo/tools/covreport/main.go:343.2,343.14 1 4
github.com/garaemon/devgo/tools/covreport/main.go:359.91,362.26 3 1
github.com/garaemon/devgo/tools/covreport/main.go:362.26,364.3 1 2
github.com/garaemon/devgo/tools/covreport/main.go:365.2,367.29 2 1
github.com/garaemon/devgo/tools/covreport/main.go:367.29,370.35 3 2
github.com/garaemon/devgo/tools/covreport/main.go:370.35,372.4 1 2
github.com/garaemon/devgo/tools/covreport/main.go:373.3,376.40 4 2
github.com/garaemon/devgo/tools/covreport/main.go:376.40,378.79 2 1
github.com/garaemon/devgo/tools/covreport/main.go:378.79,379.26 1 2
github.com/garaemon/devgo/tools/covreport/main.go:379.26,381.11 2 1
github.com/garaemon/devgo/tools/covreport/main.go:384.4,384.16 1 1
github.com/garaemon/devgo/tools/covreport/main.go:384.16,385.13 1 0
github.com/garaemon/devgo/tools/covreport/main.go:387.4,388.32 2 1
github.com/garaemon/devgo/tools/covreport/main.go:388.32,389.80 1 0
github.com/garaemon/devgo/tools/covreport/main.go:389.80,390.27 1 0
github.com/garaemon/devgo/tools/covreport/main.go:390.27,392.7 1 0
github.com/garaemon/devgo/tools/covreport/main.go:396.3,396.30 1 2
github.com/garaemon/devgo/tools/covreport/main.go:396.30,400.4 3 1
github.com/garaemon/devgo/tools/covreport/main.go:402.2,402.14 1 1
github.com/garaemon/devgo/tools/covreport/main.go:408.36,411.31 3 1
github.com/garaemon/devgo/tools/covreport/main.go:411.31,412.24 1 0
github.com/garaemon/devgo/tools/covreport/main.go:412.24,414.4 1 0
github.com/garaemon/devgo/tools/covreport/main.go:415.3,415.19 1 0
github.com/garaemon/devgo/tools/covreport/main.go:417.2,417.16 1 1
github.com/garaemon/devgo/tools/covreport/main.go:421.41,422.21 1 5
github.com/garaemon/devgo/tools/covreport/main.go:422.21,424.3 1 1
github.com/garaemon/devgo/tools/covreport/main.go:425.2,427.18 3 4
github.com/garaemon/devgo/tools/covreport/main.go:427.18,428.19 1 6
github.com/garaemon/devgo/tools/covreport/main.go:428.19,430.4 1 2
github.com/garaemon/devgo/tools/covreport/main.go:430.9,432.4 1 4
github.com/garaemon/devgo/tools/covreport/main.go:434.2,434.33 1 4
github.com/garaemon/devgo/tools/covreport/main.go:434.33,435.20 1 10
github.com/garaemon/devgo/tools/covreport/main.go:435.20,437.12 2 8
github.com/garaemon/devgo/tools/covreport/main.go:439.3,440.26 2 2
github.com/garaemon/devgo/tools/covreport/main.go:442.2,443.34 2 4
github.com/garaemon/devgo/tools/covreport/main.go:446.42,447.19 1 0
github.com/garaemon/devgo/tools/covreport/main.go:447.19,449.3 1 0
github.com/garaemon/devgo/tools/covreport/main.go:450.2,450.44 1 0
github.com/garaemon/devgo/tools/covreport/main.go:454.42,458.18 4 0
github.com/garaemon/devgo/tools/covreport/main.go:458.18,460.3 1 0
github.com/garaemon/devgo/tools/covreport/main.go:462.2,464.17 3 0
github.com/garaemon/devgo/tools/covreport/main.go:464.17,468.3 3 0
github.com/garaemon/devgo/tools/covreport/main.go:470.2,472.14 3 0
github.com/garaemon/devgo/tools/covreport/main.go:472.14,475.35 3 0
github.com/garaemon/devgo/tools/covreport/main.go:475.35,478.4 2 0
github.com/garaemon/devgo/tools/covreport/main.go:479.3,479.28 1 0
github.com/garaemon/devgo/tools/covreport/main.go:479.28,481.4 1 0
github.com/garaemon/devgo/tools/covreport/main.go:481.9,484.4 1 0
github.com/garaemon/devgo/tools/covreport/main.go:487.2,488.21 2 0
github.com/garaemon/devgo/tools/covreport/main.go:488.21,490.3 1 0
github.com/garaemon/devgo/tools/covreport/main.go:491.2,492.17 2 0
github.com/garaemon/devgo/tools/covreport/main.go:492.17,494.3 1 0
github.com/garaemon/devgo/tools/covreport/main.go:496.2,496.17 1 0
github.com/garaemon/devgo/tools/covreport/main.go:496.17,498.3 1 0
github.com/garaemon/devgo/tools/covreport/main.go:499.2,499.25 1 0
github.com/garaemon/devgo/tools/covreport/main.go:499.25,501.3 1 0
github.com/garaemon/devgo/tools/covreport/main.go:503.2,506.24 3 0
github.com/garaemon/devgo/tools/covreport/main.go:509.94,513.40 4 0
github.com/garaemon/devgo/tools/covreport/main.go:513.40,515.3 1 0
github.com/garaemon/devgo/tools/covreport/main.go:516.2,516.40 1 0
github.com/garaemon/devgo/tools/covreport/main.go:516.40,518.3 1 0
github.com/garaemon/devgo/tools/covreport/main.go:519.2,520.40 2 0
github.com/garaemon/devgo/tools/covreport/main.go:520.40,522.3 1 0
github.com/garaemon/devgo/tools/covreport/main.go:523.2,532.39 4 0
github.com/garaemon/devgo/tools/covreport/main.go:532.39,535.10 3 0
github.com/garaemon/devgo/tools/covreport/main.go:536.26,538.63 1 0
github.com/garaemon/devgo/tools/covreport/main.go:539.26,541.67 1 0
github.com/garaemon/devgo/tools/covreport/main.go:542.51,546.70 1 0
github.com/garaemon/devgo/tools/covreport/main.go:549.2,549.20 1 0
github.com/garaemon/devgo/tools/covreport/main.go:549.20,552.3 2 0
github.com/garaemon/devgo/tools/covreport/main.go:554.2,557.34 4 0
github.com/garaemon/devgo/tools/covreport/main.go:557.34,560.3 1 0
github.com/garaemon/devgo/tools/covreport/main.go:561.2,561.40 1 0
github.com/garaemon/devgo/tools/covreport/main.go:564.65,568.29 4 0
github.com/garaemon/devgo/tools/covreport/main.go:568.29,572.3 1 0
github.com/garaemon/devgo/tools/covreport/main.go:573.2,573.40 1 0
github.com/garaemon/devgo/cmd/build.go:13.43,15.16 2 2
github.com/garaemon/devgo/cmd/build.go:15.16,17.3 1 0
github.com/garaemon/devgo/cmd/build.go:19.2,20.16 2 2
github.com/garaemon/devgo/cmd/build.go:20.16,22.3 1 0
github.com/garaemon/devgo/cmd/build.go:24.2,27.16 3 2
github.com/garaemon/devgo/cmd/build.go:27.16,29.3 1 0
github.com/garaemon/devgo/cmd/build.go:31.2,31.30 1 2
github.com/garaemon/devgo/cmd/build.go:31.30,33.3 1 1
github.com/garaemon/devgo/cmd/build.go:35.2,35.72 1 1
github.com/garaemon/devgo/cmd/build.go:38.110,52.31 9 1
github.com/garaemon/devgo/cmd/build.go:52.31,54.3 1 0
github.com/garaemon/devgo/cmd/build.go:57.2,58.18 2 1
github.com/garaemon/devgo/cmd/build.go:58.18,60.3 1 0
github.com/garaemon/devgo/cmd/build.go:63.2,64.34 2 1
github.com/garaemon/devgo/cmd/build.go:64.34,66.3 1 0
github.com/garaemon/devgo/cmd/build.go:69.2,70.20 2 1
github.com/garaemon/devgo/cmd/build.go:70.20,72.3 1 0
github.com/garaemon/devgo/cmd/build.go:74.2,83.34 7 1
github.com/garaemon/devgo/cmd/build.go:83.34,85.3 1 1
github.com/garaemon/devgo/cmd/build.go:87.2,89.10 2 0
github.com/garaemon/devgo/cmd/build.go:89.10,91.3 1 0
github.com/garaemon/devgo/cmd/build.go:93.2,93.12 1 0
github.com/garaemon/devgo/cmd/build.go:96.103,98.26 2 4
github.com/garaemon/devgo/cmd/build.go:98.26,100.3 1 1
github.com/garaemon/devgo/cmd/build.go:102.2,102.36 1 3
github.com/garaemon/devgo/cmd/build.go:102.36,104.3 1 1
github.com/garaemon/devgo/cmd/build.go:105.2,105.70 1 2
github.com/garaemon/devgo/cmd/build.go:108.115,110.37 2 4
github.com/garaemon/devgo/cmd/build.go:110.37,112.3 1 1
github.com/garaemon/devgo/cmd/build.go:114.2,114.29 1 3
github.com/garaemon/devgo/cmd/build.go:114.29,116.3 1 1
github.com/garaemon/devgo/cmd/build.go:117.2,117.63 1 2
github.com/garaemon/devgo/cmd/build.go:120.93,121.21 1 5
github.com/garaemon/devgo/cmd/build.go:121.21,123.3 1 1
github.com/garaemon/devgo/cmd/build.go:125.2,125.29 1 4
github.com/garaemon/devgo/cmd/build.go:125.29,127.3 1 3
github.com/garaemon/devgo/cmd/build.go:129.2,129.88 1 1
github.com/garaemon/devgo/cmd/build.go:132.39,140.34 6 0
github.com/garaemon/devgo/cmd/build.go:140.34,142.3 1 0
github.com/garaemon/devgo/cmd/build.go:144.2,145.12 2 0
github.com/garaemon/devgo/cmd/build.go:148.46,149.27 1 4
github.com/garaemon/devgo/cmd/build.go:149.27,151.3 1 3
github.com/garaemon/devgo/cmd/build.go:153.2,154.16 2 1
github.com/garaemon/devgo/cmd/build.go:154.16,156.3 1 0
github.com/garaemon/devgo/cmd/build.go:158.2,158.17 1 1
github.com/garaemon/devgo/cmd/dotfiles_exec.go:38.90,40.2 1 5
github.com/garaemon/devgo/cmd/dotfiles_exec.go:50.110,60.16 3 5
github.com/garaemon/devgo/cmd/dotfiles_exec.go:60.16,62.3 1 1
github.com/garaemon/devgo/cmd/dotfiles_exec.go:68.2,69.16 2 4
github.com/garaemon/devgo/cmd/dotfiles_exec.go:69.16,71.3 1 1
github.com/garaemon/devgo/cmd/dotfiles_exec.go:72.2,75.115 3 3
github.com/garaemon/devgo/cmd/dotfiles_exec.go:75.115,77.3 1 0
github.com/garaemon/devgo/cmd/dotfiles_exec.go:79.2,80.16 2 3
github.com/garaemon/devgo/cmd/dotfiles_exec.go:80.16,82.3 1 1
github.com/garaemon/devgo/cmd/dotfiles_exec.go:84.2,84.64 1 2
github.com/garaemon/devgo/cmd/down.go:22.42,24.16 2 1
github.com/garaemon/devgo/cmd/down.go:24.16,26.3 1 0
github.com/garaemon/devgo/cmd/down.go:28.2,31.16 3 1
github.com/garaemon/devgo/cmd/down.go:31.16,33.3 1 0
github.com/garaemon/devgo/cmd/down.go:35.2,38.16 3 1
github.com/garaemon/devgo/cmd/down.go:38.16,40.3 1 0
github.com/garaemon/devgo/cmd/down.go:41.2,41.15 1 1
github.com/garaemon/devgo/cmd/down.go:41.15,42.47 1 1
github.com/garaemon/devgo/cmd/down.go:42.47,44.4 1 0
github.com/garaemon/devgo/cmd/down.go:47.2,48.56 2 1
github.com/garaemon/devgo/cmd/down.go:51.100,60.16 4 8
github.com/garaemon/devgo/cmd/down.go:60.16,62.3 1 1
github.com/garaemon/devgo/cmd/down.go:64.2,68.31 4 7
github.com/garaemon/devgo/cmd/down.go:68.31,69.32 1 5
github.com/garaemon/devgo/cmd/down.go:69.32,70.54 1 6
github.com/garaemon/devgo/cmd/down.go:70.54,74.10 4 5
github.com/garaemon/devgo/cmd/down.go:77.3,77.12 1 5
github.com/garaemon/devgo/cmd/down.go:77.12,78.9 1 5
github.com/garaemon/devgo/cmd/down.go:82.2,82.12 1 7
github.com/garaemon/devgo/cmd/down.go:82.12,85.3 2 2
github.com/garaemon/devgo/cmd/down.go:88.2,88.15 1 5
github.com/garaemon/devgo/cmd/down.go:88.15,91.17 3 3
github.com/garaemon/devgo/cmd/down.go:91.17,93.4 1 1
github.com/garaemon/devgo/cmd/down.go:94.3,94.52 1 2
github.com/garaemon/devgo/cmd/down.go:98.2,100.16 3 4
github.com/garaemon/devgo/cmd/down.go:100.16,102.3 1 1
github.com/garaemon/devgo/cmd/down.go:104.2,105.12 2 3
github.com/garaemon/devgo/cmd/exec.go:32.42,33.20 1 3
github.com/garaemon/devgo/cmd/exec.go:33.20,35.3 1 1
github.com/garaemon/devgo/cmd/exec.go:37.2,38.16 2 2
github.com/garaemon/devgo/cmd/exec.go:38.16,40.3 1 0
github.com/garaemon/devgo/cmd/exec.go:42.2,45.16 3 2
github.com/garaemon/devgo/cmd/exec.go:45.16,47.3 1 0
github.com/garaemon/devgo/cmd/exec.go:49.2,52.16 3 2
github.com/garaemon/devgo/cmd/exec.go:52.16,54.3 1 0
github.com/garaemon/devgo/cmd/exec.go:55.2,55.15 1 2
github.com/garaemon/devgo/cmd/exec.go:55.15,56.47 1 2
github.com/garaemon/devgo/cmd/exec.go:56.47,58.4 1 0
github.com/garaemon/devgo/cmd/exec.go:61.2,62.79 2 2
github.com/garaemon/devgo/cmd/exec.go:65.159,67.16 2 12
github.com/garaemon/devgo/cmd/exec.go:67.16,69.3 1 0
github.com/garaemon/devgo/cmd/exec.go:71.2,71.23 1 12
github.com/garaemon/devgo/cmd/exec.go:71.23,73.3 1 7
github.com/garaemon/devgo/cmd/exec.go:76.2,77.16 2 5
github.com/garaemon/devgo/cmd/exec.go:77.16,79.3 1 0
github.com/garaemon/devgo/cmd/exec.go:81.2,82.39 2 5
github.com/garaemon/devgo/cmd/exec.go:82.39,84.22 2 5
github.com/garaemon/devgo/cmd/exec.go:84.22,86.4 1 5
github.com/garaemon/devgo/cmd/exec.go:89.2,91.32 3 5
github.com/garaemon/devgo/cmd/exec.go:91.32,93.3 1 0
github.com/garaemon/devgo/cmd/exec.go:95.2,110.16 5 5
github.com/garaemon/devgo/cmd/exec.go:110.16,112.3 1 1
github.com/garaemon/devgo/cmd/exec.go:118.2,121.16 2 4
github.com/garaemon/devgo/cmd/exec.go:121.16,123.3 1 1
github.com/garaemon/devgo/cmd/exec.go:124.2,128.33 3 3
github.com/garaemon/devgo/cmd/exec.go:128.33,130.3 1 0
github.com/garaemon/devgo/cmd/exec.go:132.2,132.12 1 3
github.com/garaemon/devgo/cmd/exec.go:135.108,144.16 6 30
github.com/garaemon/devgo/cmd/exec.go:144.16,146.3 1 1
github.com/garaemon/devgo/cmd/exec.go:148.2,148.31 1 29
github.com/garaemon/devgo/cmd/exec.go:148.31,149.32 1 18
github.com/garaemon/devgo/cmd/exec.go:149.32,150.54 1 18
github.com/garaemon/devgo/cmd/exec.go:150.54,152.5 1 16
github.com/garaemon/devgo/cmd/exec.go:156.2,156.16 1 13
github.com/garaemon/devgo/cmd/init.go:11.42,14.16 2 7
github.com/garaemon/devgo/cmd/init.go:14.16,16.3 1 1
github.com/garaemon/devgo/cmd/init.go:18.2,22.59 3 6
github.com/garaemon/devgo/cmd/init.go:22.59,24.3 1 0
github.com/garaemon/devgo/cmd/init.go:27.2,28.53 2 6
github.com/garaemon/devgo/cmd/init.go:28.53,30.3 1 2
github.com/garaemon/devgo/cmd/init.go:33.2,36.79 2 4
github.com/garaemon/devgo/cmd/init.go:36.79,38.3 1 0
github.com/garaemon/devgo/cmd/init.go:40.2,41.12 2 4
github.com/garaemon/devgo/cmd/init.go:44.60,46.19 1 11
github.com/garaemon/devgo/cmd/init.go:46.19,49.17 3 9
github.com/garaemon/devgo/cmd/init.go:49.17,51.4 1 0
github.com/garaemon/devgo/cmd/init.go:54.3,54.48 1 9
github.com/garaemon/devgo/cmd/init.go:54.48,55.26 1 2
github.com/garaemon/devgo/cmd/init.go:55.26,57.5 1 2
github.com/garaemon/devgo/cmd/init.go:58.4,58.18 1 0
github.com/garaemon/devgo/cmd/init.go:59.9,59.27 1 7
github.com/garaemon/devgo/cmd/init.go:59.27,61.4 1 1
github.com/garaemon/devgo/cmd/init.go:63.3,63.22 1 6
github.com/garaemon/devgo/cmd/init.go:67.2,68.16 2 2
github.com/garaemon/devgo/cmd/init.go:68.16,72.17 3 1
github.com/garaemon/devgo/cmd/init.go:72.17,74.4 1 0
github.com/garaemon/devgo/cmd/init.go:75.3,75.18 1 1
github.com/garaemon/devgo/cmd/init.go:78.2,78.21 1 1
github.com/garaemon/devgo/cmd/init.go:81.36,84.16 3 4
github.com/garaemon/devgo/cmd/init.go:84.16,86.3 1 2
github.com/garaemon/devgo/cmd/init.go:88.2,89.21 2 2
github.com/garaemon/devgo/cmd/init.go:92.37,169.2 1 5
github.com/garaemon/devgo/cmd/list.go:23.42,25.16 2 2
github.com/garaemon/devgo/cmd/list.go:25.16,27.3 1 0
github.com/garaemon/devgo/cmd/list.go:28.2,28.15 1 2
github.com/garaemon/devgo/cmd/list.go:28.15,29.47 1 2
github.com/garaemon/devgo/cmd/list.go:29.47,31.4 1 0
github.com/garaemon/devgo/cmd/list.go:34.2,35.38 2 2
github.com/garaemon/devgo/cmd/list.go:38.75,46.16 4 7
github.com/garaemon/devgo/cmd/list.go:46.16,48.3 1 1
github.com/garaemon/devgo/cmd/list.go:50.2,50.26 1 6
github.com/garaemon/devgo/cmd/list.go:50.26,53.3 2 3
github.com/garaemon/devgo/cmd/list.go:56.2,59.95 2 3
github.com/garaemon/devgo/cmd/list.go:59.95,61.3 1 0
github.com/garaemon/devgo/cmd/list.go:62.2,64.69 1 3
github.com/garaemon/devgo/cmd/list.go:64.69,66.3 1 0
github.com/garaemon/devgo/cmd/list.go:68.2,68.31 1 3
github.com/garaemon/devgo/cmd/list.go:68.31,76.121 7 4
github.com/garaemon/devgo/cmd/list.go:76.121,78.4 1 0
github.com/garaemon/devgo/cmd/list.go:81.2,81.34 1 3
github.com/garaemon/devgo/cmd/list.go:81.34,83.3 1 0
github.com/garaemon/devgo/cmd/list.go:85.2,85.12 1 3
github.com/garaemon/devgo/cmd/list.go:88.46,89.21 1 8
github.com/garaemon/devgo/cmd/list.go:89.21,91.3 1 1
github.com/garaemon/devgo/cmd/list.go:93.2,93.42 1 7
github.com/garaemon/devgo/cmd/list.go:96.62,97.72 1 8
github.com/garaemon/devgo/cmd/list.go:97.72,99.3 1 4
github.com/garaemon/devgo/cmd/list.go:100.2,100.20 1 4
github.com/garaemon/devgo/cmd/list.go:103.60,104.68 1 4
github.com/garaemon/devgo/cmd/list.go:104.68,106.3 1 3
github.com/garaemon/devgo/cmd/list.go:107.2,107.20 1 1
github.com/garaemon/devgo/cmd/read_configuration.go:10.55,12.16 2 3
github.com/garaemon/devgo/cmd/read_configuration.go:12.16,14.3 1 0
github.com/garaemon/devgo/cmd/read_configuration.go:16.2,17.16 2 3
github.com/garaemon/devgo/cmd/read_configuration.go:17.16,19.3 1 1
github.com/garaemon/devgo/cmd/read_configuration.go:21.2,22.16 2 2
github.com/garaemon/devgo/cmd/read_configuration.go:22.16,24.3 1 0
github.com/garaemon/devgo/cmd/read_configuration.go:26.2,27.12 2 2
github.com/garaemon/devgo/cmd/root.go:39.53,42.33 2 40
github.com/garaemon/devgo/cmd/root.go:42.33,47.44 2 70
github.com/garaemon/devgo/cmd/root.go:47.44,49.12 2 6
github.com/garaemon/devgo/cmd/root.go:51.3,51.37 1 64
github.com/garaemon/devgo/cmd/root.go:51.37,53.4 1 4
github.com/garaemon/devgo/cmd/root.go:53.9,53.32 1 60
github.com/garaemon/devgo/cmd/root.go:53.32,55.4 1 3
github.com/garaemon/devgo/cmd/root.go:55.9,55.52 1 57
github.com/garaemon/devgo/cmd/root.go:55.52,57.4 1 4
github.com/garaemon/devgo/cmd/root.go:57.9,57.60 1 53
github.com/garaemon/devgo/cmd/root.go:57.60,60.4 2 4
github.com/garaemon/devgo/cmd/root.go:60.9,60.50 1 49
github.com/garaemon/devgo/cmd/root.go:60.50,63.4 2 3
github.com/garaemon/devgo/cmd/root.go:63.9,63.48 1 46
github.com/garaemon/devgo/cmd/root.go:63.48,66.4 2 2
github.com/garaemon/devgo/cmd/root.go:66.9,66.54 1 44
github.com/garaemon/devgo/cmd/root.go:66.54,69.4 2 2
github.com/garaemon/devgo/cmd/root.go:69.9,69.51 1 42
github.com/garaemon/devgo/cmd/root.go:69.51,72.4 2 2
github.com/garaemon/devgo/cmd/root.go:72.9,72.36 1 40
github.com/garaemon/devgo/cmd/root.go:72.36,74.4 1 3
github.com/garaemon/devgo/cmd/root.go:74.9,74.29 1 37
github.com/garaemon/devgo/cmd/root.go:74.29,76.4 1 2
github.com/garaemon/devgo/cmd/root.go:76.9,76.29 1 35
github.com/garaemon/devgo/cmd/root.go:76.29,78.4 1 2
github.com/garaemon/devgo/cmd/root.go:78.9,78.63 1 33
github.com/garaemon/devgo/cmd/root.go:78.63,81.4 2 2
github.com/garaemon/devgo/cmd/root.go:81.9,81.64 1 31
github.com/garaemon/devgo/cmd/root.go:81.64,84.4 2 2
github.com/garaemon/devgo/cmd/root.go:84.9,84.68 1 29
github.com/garaemon/devgo/cmd/root.go:84.68,87.4 2 2
github.com/garaemon/devgo/cmd/root.go:87.9,87.36 1 27
github.com/garaemon/devgo/cmd/root.go:87.36,89.4 1 1
github.com/garaemon/devgo/cmd/root.go:89.9,89.39 1 26
github.com/garaemon/devgo/cmd/root.go:89.39,91.4 1 2
github.com/garaemon/devgo/cmd/root.go:91.9,91.51 1 24
github.com/garaemon/devgo/cmd/root.go:91.51,94.4 2 0
github.com/garaemon/devgo/cmd/root.go:94.9,94.49 1 24
github.com/garaemon/devgo/cmd/root.go:94.49,97.4 2 1
github.com/garaemon/devgo/cmd/root.go:97.9,97.64 1 23
github.com/garaemon/devgo/cmd/root.go:97.64,100.4 2 4
github.com/garaemon/devgo/cmd/root.go:100.9,100.45 1 19
github.com/garaemon/devgo/cmd/root.go:100.45,103.4 1 3
github.com/garaemon/devgo/cmd/root.go:103.9,105.4 1 16
github.com/garaemon/devgo/cmd/root.go:108.2,108.25 1 37
github.com/garaemon/devgo/cmd/root.go:114.58,116.2 1 70
github.com/garaemon/devgo/cmd/root.go:118.22,121.16 2 5
github.com/garaemon/devgo/cmd/root.go:121.16,125.3 3 1
github.com/garaemon/devgo/cmd/root.go:127.2,127.14 1 4
github.com/garaemon/devgo/cmd/root.go:127.14,130.3 2 2
github.com/garaemon/devgo/cmd/root.go:132.2,132.17 1 2
github.com/garaemon/devgo/cmd/root.go:132.17,135.3 2 0
github.com/garaemon/devgo/cmd/root.go:139.2,139.16 1 2
github.com/garaemon/devgo/cmd/root.go:139.16,141.3 1 0
github.com/garaemon/devgo/cmd/root.go:143.2,143.20 1 2
github.com/garaemon/devgo/cmd/root.go:143.20,146.3 2 1
github.com/garaemon/devgo/cmd/root.go:148.2,151.17 3 1
github.com/garaemon/devgo/cmd/root.go:152.12,153.35 1 0
github.com/garaemon/devgo/cmd/root.go:154.15,155.38 1 0
github.com/garaemon/devgo/cmd/root.go:156.14,157.37 1 0
github.com/garaemon/devgo/cmd/root.go:158.15,159.38 1 0
github.com/garaemon/devgo/cmd/root.go:160.14,161.37 1 0
github.com/garaemon/devgo/cmd/root.go:162.14,163.37 1 0
github.com/garaemon/devgo/cmd/root.go:164.14,165.37 1 0
github.com/garaemon/devgo/cmd/root.go:166.27,167.45 1 0
github.com/garaemon/devgo/cmd/root.go:168.28,169.50 1 0
github.com/garaemon/devgo/cmd/root.go:170.14,171.37 1 0
github.com/garaemon/devgo/cmd/root.go:172.10,175.52 3 1
github.com/garaemon/devgo/cmd/root.go:182.40,184.2 1 7
github.com/garaemon/devgo/cmd/root.go:189.41,190.12 1 189
github.com/garaemon/devgo/cmd/root.go:190.12,192.3 1 36
github.com/garaemon/devgo/cmd/root.go:193.2,193.41 1 153
github.com/garaemon/devgo/cmd/root.go:199.27,200.12 1 65
github.com/garaemon/devgo/cmd/root.go:200.12,202.3 1 0
github.com/garaemon/devgo/cmd/root.go:203.2,203.34 1 65
github.com/garaemon/devgo/cmd/root.go:206.18,286.2 1 5
github.com/garaemon/devgo/cmd/root.go:288.24,290.2 1 0
github.com/garaemon/devgo/cmd/root.go:292.64,293.22 1 12
github.com/garaemon/devgo/cmd/root.go:293.22,295.3 1 4
github.com/garaemon/devgo/cmd/root.go:297.2,298.16 2 8
github.com/garaemon/devgo/cmd/root.go:298.16,300.3 1 0
github.com/garaemon/devgo/cmd/root.go:302.2,302.54 1 8
github.com/garaemon/devgo/cmd/root.go:302.54,306.48 3 13
github.com/garaemon/devgo/cmd/root.go:306.48,308.4 1 8
github.com/garaemon/devgo/cmd/root.go:310.3,311.48 2 5
github.com/garaemon/devgo/cmd/root.go:311.48,313.4 1 0
github.com/garaemon/devgo/cmd/root.go:316.2,316.96 1 0
github.com/garaemon/devgo/cmd/root.go:319.63,320.27 1 9
github.com/garaemon/devgo/cmd/root.go:320.27,322.17 2 1
github.com/garaemon/devgo/cmd/root.go:322.17,324.4 1 0
github.com/garaemon/devgo/cmd/root.go:325.3,325.17 1 1
github.com/garaemon/devgo/cmd/root.go:328.2,329.16 2 8
github.com/garaemon/devgo/cmd/root.go:329.16,332.3 1 0
github.com/garaemon/devgo/cmd/root.go:334.2,334.44 1 8
github.com/garaemon/devgo/cmd/root.go:338.43,343.2 4 29
github.com/garaemon/devgo/cmd/root.go:345.45,348.25 3 18
github.com/garaemon/devgo/cmd/root.go:348.25,349.91 1 188
github.com/garaemon/devgo/cmd/root.go:349.91,351.4 1 184
github.com/garaemon/devgo/cmd/root.go:351.9,354.4 1 4
github.com/garaemon/devgo/cmd/root.go:356.2,356.24 1 18
github.com/garaemon/devgo/cmd/root.go:359.98,360.25 1 16
github.com/garaemon/devgo/cmd/root.go:360.25,362.3 1 2
github.com/garaemon/devgo/cmd/root.go:364.2,365.19 2 14
github.com/garaemon/devgo/cmd/root.go:365.19,367.3 1 13
github.com/garaemon/devgo/cmd/root.go:370.2,370.72 1 14
github.com/garaemon/devgo/cmd/root.go:370.72,374.3 3 0
github.com/garaemon/devgo/cmd/root.go:376.2,378.29 3 14
github.com/garaemon/devgo/cmd/root.go:378.29,380.3 1 9
github.com/garaemon/devgo/cmd/root.go:380.8,382.3 1 5
github.com/garaemon/devgo/cmd/root.go:384.2,384.61 1 14
github.com/garaemon/devgo/cmd/runtime.go:22.62,24.15 2 19
github.com/garaemon/devgo/cmd/runtime.go:24.15,26.3 1 13
github.com/garaemon/devgo/cmd/runtime.go:27.2,27.15 1 19
github.com/garaemon/devgo/cmd/runtime.go:27.15,29.3 1 10
github.com/garaemon/devgo/cmd/runtime.go:30.2,31.15 2 19
github.com/garaemon/devgo/cmd/runtime.go:31.15,33.3 1 9
github.com/garaemon/devgo/cmd/runtime.go:34.2,34.12 1 10
github.com/garaemon/devgo/cmd/runtime.go:41.39,43.67 2 11
github.com/garaemon/devgo/cmd/runtime.go:43.67,45.3 1 11
github.com/garaemon/devgo/cmd/runtime.go:46.2,46.88 1 11
github.com/garaemon/devgo/cmd/runtime.go:52.38,54.2 1 1
github.com/garaemon/devgo/cmd/runtime.go:57.22,59.2 1 4
github.com/garaemon/devgo/cmd/runtime.go:67.25,68.36 1 3
github.com/garaemon/devgo/cmd/runtime.go:68.36,70.3 1 1
github.com/garaemon/devgo/cmd/runtime.go:71.2,71.53 1 2
github.com/garaemon/devgo/cmd/runtime.go:71.53,72.56 1 1
github.com/garaemon/devgo/cmd/runtime.go:72.56,74.4 1 0
github.com/garaemon/devgo/cmd/runtime.go:75.3,75.9 1 1
github.com/garaemon/devgo/cmd/runtime.go:77.2,77.94 1 1
github.com/garaemon/devgo/cmd/runtime.go:77.94,79.56 2 1
github.com/garaemon/devgo/cmd/runtime.go:79.56,82.4 2 0
github.com/garaemon/devgo/cmd/runtime.go:83.3,84.9 2 1
github.com/garaemon/devgo/cmd/runtime.go:86.2,87.97 1 0
github.com/garaemon/devgo/cmd/runtime.go:94.85,95.34 1 4
github.com/garaemon/devgo/cmd/runtime.go:95.34,96.42 1 4
github.com/garaemon/devgo/cmd/runtime.go:96.42,98.4 1 2
github.com/garaemon/devgo/cmd/runtime.go:100.2,100.46 1 2
github.com/garaemon/devgo/cmd/runtime.go:100.46,101.42 1 2
github.com/garaemon/devgo/cmd/runtime.go:101.42,103.4 1 1
github.com/garaemon/devgo/cmd/runtime.go:105.2,105.11 1 1
github.com/garaemon/devgo/cmd/runtime.go:112.40,115.16 2 0
github.com/garaemon/devgo/cmd/runtime.go:115.16,117.3 1 0
github.com/garaemon/devgo/cmd/runtime.go:118.2,118.39 1 0
github.com/garaemon/devgo/cmd/runtime.go:125.59,126.29 1 7
github.com/garaemon/devgo/cmd/runtime.go:126.29,128.3 1 4
github.com/garaemon/devgo/cmd/runtime.go:129.2,129.46 1 3
github.com/garaemon/devgo/cmd/runtime.go:135.40,137.52 2 1
github.com/garaemon/devgo/cmd/runtime.go:137.52,139.3 1 1
github.com/garaemon/devgo/cmd/runtime.go:140.2,140.33 1 1
github.com/garaemon/devgo/cmd/runtime.go:140.33,142.3 1 1
github.com/garaemon/devgo/cmd/runtime.go:143.2,144.19 2 1
github.com/garaemon/devgo/cmd/shell.go:25.83,27.49 2 5
github.com/garaemon/devgo/cmd/shell.go:27.49,29.3 1 2
github.com/garaemon/devgo/cmd/shell.go:30.2,30.20 1 5
github.com/garaemon/devgo/cmd/shell.go:30.20,32.3 1 2
github.com/garaemon/devgo/cmd/shell.go:33.2,33.30 1 5
github.com/garaemon/devgo/cmd/shell.go:36.43,38.16 2 1
github.com/garaemon/devgo/cmd/shell.go:38.16,40.3 1 0
github.com/garaemon/devgo/cmd/shell.go:42.2,45.16 3 1
github.com/garaemon/devgo/cmd/shell.go:45.16,47.3 1 1
github.com/garaemon/devgo/cmd/shell.go:49.2,52.16 3 0
github.com/garaemon/devgo/cmd/shell.go:52.16,54.3 1 0
github.com/garaemon/devgo/cmd/shell.go:55.2,55.15 1 0
github.com/garaemon/devgo/cmd/shell.go:55.15,56.47 1 0
github.com/garaemon/devgo/cmd/shell.go:56.47,58.4 1 0
github.com/garaemon/devgo/cmd/shell.go:61.2,62.16 2 0
github.com/garaemon/devgo/cmd/shell.go:62.16,65.3 2 0
github.com/garaemon/devgo/cmd/shell.go:66.2,69.99 3 0
github.com/garaemon/devgo/cmd/shell.go:89.57,91.32 2 40
github.com/garaemon/devgo/cmd/shell.go:91.32,92.51 1 37
github.com/garaemon/devgo/cmd/shell.go:92.51,97.53 2 50
github.com/garaemon/devgo/cmd/shell.go:97.53,100.18 3 35
github.com/garaemon/devgo/cmd/shell.go:100.18,102.6 1 33
github.com/garaemon/devgo/cmd/shell.go:103.5,103.13 1 35
github.com/garaemon/devgo/cmd/shell.go:108.4,109.11 2 15
github.com/garaemon/devgo/cmd/shell.go:110.17,111.13 1 11
github.com/garaemon/devgo/cmd/shell.go:112.35,114.37 2 1
github.com/garaemon/devgo/cmd/shell.go:114.37,116.17 2 119
github.com/garaemon/devgo/cmd/shell.go:116.17,117.15 1 0
github.com/garaemon/devgo/cmd/shell.go:119.6,119.57 1 119
github.com/garaemon/devgo/cmd/shell.go:119.57,121.7 1 3
github.com/garaemon/devgo/cmd/shell.go:123.12,124.39 1 3
github.com/garaemon/devgo/cmd/shell.go:124.39,126.6 1 1
github.com/garaemon/devgo/cmd/shell.go:130.2,130.17 1 40
github.com/garaemon/devgo/cmd/shell.go:137.79,139.32 2 14
github.com/garaemon/devgo/cmd/shell.go:139.32,141.3 1 2
github.com/garaemon/devgo/cmd/shell.go:142.2,142.45 1 14
github.com/garaemon/devgo/cmd/shell.go:142.45,144.3 1 5
github.com/garaemon/devgo/cmd/shell.go:146.2,147.27 2 14
github.com/garaemon/devgo/cmd/shell.go:147.27,149.3 1 19
github.com/garaemon/devgo/cmd/shell.go:150.2,150.12 1 14
github.com/garaemon/devgo/cmd/shell.go:153.184,155.16 2 10
github.com/garaemon/devgo/cmd/shell.go:155.16,157.3 1 0
github.com/garaemon/devgo/cmd/shell.go:159.2,159.23 1 10
github.com/garaemon/devgo/cmd/shell.go:159.23,161.3 1 1
github.com/garaemon/devgo/cmd/shell.go:164.2,165.16 2 9
github.com/garaemon/devgo/cmd/shell.go:165.16,167.3 1 0
github.com/garaemon/devgo/cmd/shell.go:169.2,170.39 2 9
github.com/garaemon/devgo/cmd/shell.go:170.39,172.22 2 9
github.com/garaemon/devgo/cmd/shell.go:172.22,174.4 1 9
github.com/garaemon/devgo/cmd/shell.go:177.2,188.30 7 9
github.com/garaemon/devgo/cmd/shell.go:188.30,190.17 2 0
github.com/garaemon/devgo/cmd/shell.go:190.17,193.4 2 0
github.com/garaemon/devgo/cmd/shell.go:196.2,218.24 11 9
github.com/garaemon/devgo/cmd/shell.go:218.24,220.3 1 0
github.com/garaemon/devgo/cmd/shell.go:221.2,225.16 4 9
github.com/garaemon/devgo/cmd/shell.go:225.16,227.3 1 1
github.com/garaemon/devgo/cmd/shell.go:229.2,233.30 3 8
github.com/garaemon/devgo/cmd/shell.go:233.30,236.17 3 0
github.com/garaemon/devgo/cmd/shell.go:236.17,238.4 1 0
github.com/garaemon/devgo/cmd/shell.go:239.3,240.16 2 0
github.com/garaemon/devgo/cmd/shell.go:240.16,241.72 1 0
github.com/garaemon/devgo/cmd/shell.go:241.72,243.5 1 0
github.com/garaemon/devgo/cmd/shell.go:245.8,247.3 1 8
github.com/garaemon/devgo/cmd/shell.go:250.2,252.12 3 8
github.com/garaemon/devgo/cmd/shell.go:252.12,254.22 2 8
github.com/garaemon/devgo/cmd/shell.go:254.22,256.4 1 0
github.com/garaemon/devgo/cmd/shell.go:257.3,257.13 1 0
github.com/garaemon/devgo/cmd/shell.go:261.2,265.16 3 8
github.com/garaemon/devgo/cmd/shell.go:265.16,267.3 1 1
github.com/garaemon/devgo/cmd/shell.go:268.2,274.12 4 7
github.com/garaemon/devgo/cmd/shell.go:274.12,278.22 2 7
github.com/garaemon/devgo/cmd/shell.go:278.22,280.4 1 0
github.com/garaemon/devgo/cmd/shell.go:280.9,282.4 1 7
github.com/garaemon/devgo/cmd/shell.go:286.2,289.12 2 7
github.com/garaemon/devgo/cmd/shell.go:289.12,293.3 3 7
github.com/garaemon/devgo/cmd/shell.go:296.2,300.33 4 7
github.com/garaemon/devgo/cmd/shell.go:300.33,302.3 1 0
github.com/garaemon/devgo/cmd/shell.go:304.2,306.12 2 7
github.com/garaemon/devgo/cmd/stop.go:14.42,16.16 2 1
github.com/garaemon/devgo/cmd/stop.go:16.16,18.3 1 0
github.com/garaemon/devgo/cmd/stop.go:20.2,23.16 3 1
github.com/garaemon/devgo/cmd/stop.go:23.16,25.3 1 0
github.com/garaemon/devgo/cmd/stop.go:27.2,30.16 3 1
github.com/garaemon/devgo/cmd/stop.go:30.16,32.3 1 0
github.com/garaemon/devgo/cmd/stop.go:33.2,33.15 1 1
github.com/garaemon/devgo/cmd/stop.go:33.15,34.47 1 1
github.com/garaemon/devgo/cmd/stop.go:34.47,36.4 1 0
github.com/garaemon/devgo/cmd/stop.go:39.2,40.47 2 1
github.com/garaemon/devgo/cmd/stop.go:43.89,52.16 5 1
github.com/garaemon/devgo/cmd/stop.go:52.16,54.3 1 0
github.com/garaemon/devgo/cmd/stop.go:56.2,57.31 2 1
github.com/garaemon/devgo/cmd/stop.go:57.31,58.32 1 0
github.com/garaemon/devgo/cmd/stop.go:58.32,59.54 1 0
github.com/garaemon/devgo/cmd/stop.go:59.54,61.10 2 0
github.com/garaemon/devgo/cmd/stop.go:64.3,64.12 1 0
github.com/garaemon/devgo/cmd/stop.go:64.12,65.9 1 0
github.com/garaemon/devgo/cmd/stop.go:69.2,69.12 1 1
github.com/garaemon/devgo/cmd/stop.go:69.12,72.3 2 1
github.com/garaemon/devgo/cmd/stop.go:74.2,76.16 3 0
github.com/garaemon/devgo/cmd/stop.go:76.16,78.3 1 0
github.com/garaemon/devgo/cmd/stop.go:80.2,81.12 2 0
github.com/garaemon/devgo/cmd/up.go:63.60,65.2 1 0
github.com/garaemon/devgo/cmd/up.go:72.50,74.2 1 0
github.com/garaemon/devgo/cmd/up.go:76.88,78.16 2 24
github.com/garaemon/devgo/cmd/up.go:78.16,80.3 1 0
github.com/garaemon/devgo/cmd/up.go:81.2,81.44 1 24
github.com/garaemon/devgo/cmd/up.go:84.40,86.16 2 0
github.com/garaemon/devgo/cmd/up.go:86.16,88.3 1 0
github.com/garaemon/devgo/cmd/up.go:90.2,93.16 3 0
github.com/garaemon/devgo/cmd/up.go:93.16,95.3 1 0
github.com/garaemon/devgo/cmd/up.go:97.2,99.16 3 0
github.com/garaemon/devgo/cmd/up.go:99.16,101.3 1 0
github.com/garaemon/devgo/cmd/up.go:102.2,102.15 1 0
github.com/garaemon/devgo/cmd/up.go:102.15,103.56 1 0
github.com/garaemon/devgo/cmd/up.go:103.56,105.4 1 0
github.com/garaemon/devgo/cmd/up.go:108.2,110.77 2 0
github.com/garaemon/devgo/cmd/up.go:110.77,112.3 1 0
github.com/garaemon/devgo/cmd/up.go:114.2,114.95 1 0
github.com/garaemon/devgo/cmd/up.go:117.162,118.37 1 5
github.com/garaemon/devgo/cmd/up.go:118.37,120.3 1 0
github.com/garaemon/devgo/cmd/up.go:123.2,126.48 2 5
github.com/garaemon/devgo/cmd/up.go:126.48,128.17 2 0
github.com/garaemon/devgo/cmd/up.go:128.17,130.4 1 0
github.com/garaemon/devgo/cmd/up.go:132.3,133.89 2 0
github.com/garaemon/devgo/cmd/up.go:133.89,135.4 1 0
github.com/garaemon/devgo/cmd/up.go:138.3,139.33 2 0
github.com/garaemon/devgo/cmd/up.go:142.2,142.21 1 5
github.com/garaemon/devgo/cmd/up.go:142.21,144.3 1 0
github.com/garaemon/devgo/cmd/up.go:152.2,153.22 2 5
github.com/garaemon/devgo/cmd/up.go:153.22,156.17 2 5
github.com/garaemon/devgo/cmd/up.go:156.17,158.4 1 0
github.com/garaemon/devgo/cmd/up.go:159.3,159.33 1 5
github.com/garaemon/devgo/cmd/up.go:163.2,163.21 1 5
github.com/garaemon/devgo/cmd/up.go:163.21,164.11 1 4
github.com/garaemon/devgo/cmd/up.go:164.11,166.4 1 0
github.com/garaemon/devgo/cmd/up.go:166.9,168.4 1 4
github.com/garaemon/devgo/cmd/up.go:169.3,169.73 1 4
github.com/garaemon/devgo/cmd/up.go:169.73,171.4 1 0
github.com/garaemon/devgo/cmd/up.go:175.2,176.16 2 5
github.com/garaemon/devgo/cmd/up.go:176.16,178.3 1 0
github.com/garaemon/devgo/cmd/up.go:180.2,180.12 1 5
github.com/garaemon/devgo/cmd/up.go:180.12,182.17 2 2
github.com/garaemon/devgo/cmd/up.go:182.17,184.4 1 0
github.com/garaemon/devgo/cmd/up.go:185.3,185.14 1 2
github.com/garaemon/devgo/cmd/up.go:185.14,187.4 1 1
github.com/garaemon/devgo/cmd/up.go:188.3,192.17 3 1
github.com/garaemon/devgo/cmd/up.go:192.17,195.4 2 1
github.com/garaemon/devgo/cmd/up.go:199.2,200.16 2 4
github.com/garaemon/devgo/cmd/up.go:200.16,203.3 2 4
github.com/garaemon/devgo/cmd/up.go:205.2,218.78 4 4
github.com/garaemon/devgo/cmd/up.go:218.78,220.3 1 1
github.com/garaemon/devgo/cmd/up.go:222.2,222.81 1 3
github.com/garaemon/devgo/cmd/up.go:225.133,227.28 2 7
github.com/garaemon/devgo/cmd/up.go:227.28,229.3 1 4
github.com/garaemon/devgo/cmd/up.go:231.2,234.16 3 3
github.com/garaemon/devgo/cmd/up.go:234.16,236.3 1 0
github.com/garaemon/devgo/cmd/up.go:237.2,237.15 1 3
github.com/garaemon/devgo/cmd/up.go:237.15,238.47 1 3
github.com/garaemon/devgo/cmd/up.go:238.47,240.4 1 0
github.com/garaemon/devgo/cmd/up.go:243.2,243.103 1 3
github.com/garaemon/devgo/cmd/up.go:243.103,245.3 1 3
github.com/garaemon/devgo/cmd/up.go:247.2,248.12 2 0
github.com/garaemon/devgo/cmd/up.go:251.138,253.33 2 4
github.com/garaemon/devgo/cmd/up.go:253.33,255.3 1 4
github.com/garaemon/devgo/cmd/up.go:257.2,260.16 3 0
github.com/garaemon/devgo/cmd/up.go:260.16,262.3 1 0
github.com/garaemon/devgo/cmd/up.go:263.2,263.15 1 0
github.com/garaemon/devgo/cmd/up.go:263.15,264.47 1 0
github.com/garaemon/devgo/cmd/up.go:264.47,266.4 1 0
github.com/garaemon/devgo/cmd/up.go:269.2,269.108 1 0
github.com/garaemon/devgo/cmd/up.go:269.108,271.3 1 0
github.com/garaemon/devgo/cmd/up.go:273.2,274.12 2 0
github.com/garaemon/devgo/cmd/up.go:277.135,279.30 2 4
github.com/garaemon/devgo/cmd/up.go:279.30,281.3 1 4
github.com/garaemon/devgo/cmd/up.go:283.2,286.16 3 0
github.com/garaemon/devgo/cmd/up.go:286.16,288.3 1 0
github.com/garaemon/devgo/cmd/up.go:289.2,289.15 1 0
github.com/garaemon/devgo/cmd/up.go:289.15,290.47 1 0
github.com/garaemon/devgo/cmd/up.go:290.47,292.4 1 0
github.com/garaemon/devgo/cmd/up.go:295.2,295.105 1 0
github.com/garaemon/devgo/cmd/up.go:295.105,297.3 1 0
github.com/garaemon/devgo/cmd/up.go:299.2,300.12 2 0
github.com/garaemon/devgo/cmd/up.go:303.134,305.29 2 4
github.com/garaemon/devgo/cmd/up.go:305.29,307.3 1 3
github.com/garaemon/devgo/cmd/up.go:309.2,312.16 3 1
github.com/garaemon/devgo/cmd/up.go:312.16,314.3 1 0
github.com/garaemon/devgo/cmd/up.go:315.2,315.15 1 1
github.com/garaemon/devgo/cmd/up.go:315.15,316.47 1 1
github.com/garaemon/devgo/cmd/up.go:316.47,318.4 1 0
github.com/garaemon/devgo/cmd/up.go:321.2,321.104 1 1
github.com/garaemon/devgo/cmd/up.go:321.104,323.3 1 1
github.com/garaemon/devgo/cmd/up.go:325.2,326.12 2 0
github.com/garaemon/devgo/cmd/up.go:329.135,331.30 2 3
github.com/garaemon/devgo/cmd/up.go:331.30,333.3 1 3
github.com/garaemon/devgo/cmd/up.go:335.2,338.16 3 0
github.com/garaemon/devgo/cmd/up.go:338.16,340.3 1 0
github.com/garaemon/devgo/cmd/up.go:341.2,341.15 1 0
github.com/garaemon/devgo/cmd/up.go:341.15,342.47 1 0
github.com/garaemon/devgo/cmd/up.go:342.47,344.4 1 0
github.com/garaemon/devgo/cmd/up.go:347.2,347.105 1 0
github.com/garaemon/devgo/cmd/up.go:347.105,349.3 1 0
github.com/garaemon/devgo/cmd/up.go:351.2,352.12 2 0
github.com/garaemon/devgo/cmd/up.go:355.99,357.24 2 0
github.com/garaemon/devgo/cmd/up.go:357.24,359.3 1 0
github.com/garaemon/devgo/cmd/up.go:361.2,368.34 6 0
github.com/garaemon/devgo/cmd/up.go:368.34,370.3 1 0
github.com/garaemon/devgo/cmd/up.go:372.2,374.12 2 0
github.com/garaemon/devgo/cmd/up.go:378.101,386.16 4 6
github.com/garaemon/devgo/cmd/up.go:386.16,388.3 1 1
github.com/garaemon/devgo/cmd/up.go:390.2,390.31 1 5
github.com/garaemon/devgo/cmd/up.go:390.31,391.32 1 4
github.com/garaemon/devgo/cmd/up.go:391.32,392.54 1 5
github.com/garaemon/devgo/cmd/up.go:392.54,394.5 1 2
github.com/garaemon/devgo/cmd/up.go:397.2,397.19 1 3
github.com/garaemon/devgo/cmd/up.go:400.104,408.16 5 7
github.com/garaemon/devgo/cmd/up.go:408.16,410.3 1 1
github.com/garaemon/devgo/cmd/up.go:412.2,412.31 1 6
github.com/garaemon/devgo/cmd/up.go:412.31,413.32 1 4
github.com/garaemon/devgo/cmd/up.go:413.32,414.54 1 5
github.com/garaemon/devgo/cmd/up.go:414.54,416.5 1 2
github.com/garaemon/devgo/cmd/up.go:419.2,419.19 1 4
github.com/garaemon/devgo/cmd/up.go:422.100,424.16 2 0
github.com/garaemon/devgo/cmd/up.go:424.16,426.3 1 0
github.com/garaemon/devgo/cmd/up.go:427.2,428.12 2 0
github.com/garaemon/devgo/cmd/up.go:431.99,434.21 2 2
github.com/garaemon/devgo/cmd/up.go:434.21,435.36 1 0
github.com/garaemon/devgo/cmd/up.go:435.36,437.4 1 0
github.com/garaemon/devgo/cmd/up.go:441.2,442.19 2 2
github.com/garaemon/devgo/cmd/up.go:442.19,444.3 1 2
github.com/garaemon/devgo/cmd/up.go:447.2,457.69 3 2
github.com/garaemon/devgo/cmd/up.go:457.69,459.3 1 0
github.com/garaemon/devgo/cmd/up.go:459.8,459.35 1 2
github.com/garaemon/devgo/cmd/up.go:459.35,461.17 2 0
github.com/garaemon/devgo/cmd/up.go:461.17,467.35 4 0
github.com/garaemon/devgo/cmd/up.go:467.35,469.5 1 0
github.com/garaemon/devgo/cmd/up.go:471.4,472.30 1 0
github.com/garaemon/devgo/cmd/up.go:476.2,488.26 3 2
github.com/garaemon/devgo/cmd/up.go:488.26,490.3 1 2
github.com/garaemon/devgo/cmd/up.go:493.2,494.16 2 2
github.com/garaemon/devgo/cmd/up.go:494.16,496.3 1 0
github.com/garaemon/devgo/cmd/up.go:499.2,500.16 2 2
github.com/garaemon/devgo/cmd/up.go:500.16,502.3 1 0
github.com/garaemon/devgo/cmd/up.go:504.2,505.12 2 2
github.com/garaemon/devgo/cmd/up.go:511.61,513.27 2 2
github.com/garaemon/devgo/cmd/up.go:513.27,515.22 2 3
github.com/garaemon/devgo/cmd/up.go:515.22,517.4 1 1
github.com/garaemon/devgo/cmd/up.go:518.3,522.5 1 3
github.com/garaemon/devgo/cmd/up.go:524.2,524.21 1 2
github.com/garaemon/devgo/cmd/up.go:527.93,529.16 2 7
github.com/garaemon/devgo/cmd/up.go:529.16,531.3 1 1
github.com/garaemon/devgo/cmd/up.go:533.2,533.29 1 6
github.com/garaemon/devgo/cmd/up.go:533.29,534.36 1 8
github.com/garaemon/devgo/cmd/up.go:534.36,535.24 1 8
github.com/garaemon/devgo/cmd/up.go:535.24,537.5 1 3
github.com/garaemon/devgo/cmd/up.go:540.2,540.19 1 3
github.com/garaemon/devgo/cmd/up.go:543.83,545.16 2 4
github.com/garaemon/devgo/cmd/up.go:545.16,547.3 1 1
github.com/garaemon/devgo/cmd/up.go:548.2,548.15 1 3
github.com/garaemon/devgo/cmd/up.go:548.15,549.48 1 3
github.com/garaemon/devgo/cmd/up.go:549.48,551.4 1 0
github.com/garaemon/devgo/cmd/up.go:555.2,556.16 2 3
github.com/garaemon/devgo/cmd/up.go:556.16,558.3 1 0
github.com/garaemon/devgo/cmd/up.go:560.2,561.12 2 3
github.com/garaemon/devgo/cmd/up.go:564.42,566.2 1 24
github.com/garaemon/devgo/cmd/up.go:568.116,570.29 1 3
github.com/garaemon/devgo/cmd/up.go:570.29,572.3 1 0
github.com/garaemon/devgo/cmd/up.go:575.2,575.47 1 3
github.com/garaemon/devgo/cmd/up.go:575.47,577.3 1 0
github.com/garaemon/devgo/cmd/up.go:580.2,580.37 1 3
github.com/garaemon/devgo/cmd/up.go:580.37,582.3 1 0
github.com/garaemon/devgo/cmd/up.go:584.2,586.46 2 3
github.com/garaemon/devgo/cmd/up.go:586.46,588.3 1 3
github.com/garaemon/devgo/cmd/up.go:590.2,596.16 5 0
github.com/garaemon/devgo/cmd/up.go:596.16,598.3 1 0
github.com/garaemon/devgo/cmd/up.go:599.2,599.15 1 0
github.com/garaemon/devgo/cmd/up.go:599.15,601.3 1 0
github.com/garaemon/devgo/cmd/up.go:605.2,620.31 3 0
github.com/garaemon/devgo/cmd/up.go:620.31,621.99 1 0
github.com/garaemon/devgo/cmd/up.go:621.99,623.4 1 0
github.com/garaemon/devgo/cmd/up.go:626.2,626.12 1 0
github.com/garaemon/devgo/cmd/up.go:629.135,631.78 1 3
github.com/garaemon/devgo/cmd/up.go:631.78,634.3 1 0
github.com/garaemon/devgo/cmd/up.go:636.2,650.31 4 3
github.com/garaemon/devgo/cmd/up.go:650.31,651.57 1 12
github.com/garaemon/devgo/cmd/up.go:651.57,652.87 1 6
github.com/garaemon/devgo/cmd/up.go:652.87,654.5 1 0
github.com/garaemon/devgo/cmd/up.go:658.2,663.12 4 3
github.com/garaemon/devgo/cmd/up.go:663.12,665.32 2 3
github.com/garaemon/devgo/cmd/up.go:665.32,666.59 1 12
github.com/garaemon/devgo/cmd/up.go:666.59,667.88 1 6
github.com/garaemon/devgo/cmd/up.go:667.88,669.6 1 0
github.com/garaemon/devgo/cmd/up.go:674.3,674.98 1 3
github.com/garaemon/devgo/cmd/up.go:674.98,676.4 1 0
github.com/garaemon/devgo/cmd/up.go:679.2,684.72 2 3
github.com/garaemon/devgo/cmd/up.go:684.72,686.3 1 3
github.com/garaemon/devgo/cmd/up.go:688.2,688.12 1 3
github.com/garaemon/devgo/cmd/up.go:697.110,699.16 2 5
github.com/garaemon/devgo/cmd/up.go:699.16,701.3 1 0
github.com/garaemon/devgo/cmd/up.go:703.2,709.16 3 5
github.com/garaemon/devgo/cmd/up.go:709.16,711.3 1 2
github.com/garaemon/devgo/cmd/up.go:713.2,714.16 2 3
github.com/garaemon/devgo/cmd/up.go:714.16,716.3 1 0
github.com/garaemon/devgo/cmd/up.go:717.2,717.15 1 3
github.com/garaemon/devgo/cmd/up.go:717.15,718.47 1 3
github.com/garaemon/devgo/cmd/up.go:718.47,720.4 1 0
github.com/garaemon/devgo/cmd/up.go:723.2,724.16 2 3
github.com/garaemon/devgo/cmd/up.go:724.16,726.3 1 0
github.com/garaemon/devgo/cmd/up.go:727.2,727.23 1 3
github.com/garaemon/devgo/cmd/up.go:727.23,729.3 1 3
github.com/garaemon/devgo/cmd/up.go:731.2,734.72 4 0
github.com/garaemon/devgo/cmd/up.go:737.142,738.37 1 0
github.com/garaemon/devgo/cmd/up.go:738.37,740.3 1 0
github.com/garaemon/devgo/cmd/up.go:742.2,743.28 2 0
github.com/garaemon/devgo/cmd/up.go:743.28,745.3 1 0
github.com/garaemon/devgo/cmd/up.go:748.2,749.36 2 0
github.com/garaemon/devgo/cmd/up.go:749.36,751.3 1 0
github.com/garaemon/devgo/cmd/up.go:754.2,754.40 1 0
github.com/garaemon/devgo/cmd/up.go:754.40,757.17 2 0
github.com/garaemon/devgo/cmd/up.go:757.17,760.4 2 0
github.com/garaemon/devgo/cmd/up.go:762.3,764.17 3 0
github.com/garaemon/devgo/cmd/up.go:764.17,766.4 1 0
github.com/garaemon/devgo/cmd/up.go:767.3,767.25 1 0
github.com/garaemon/devgo/cmd/up.go:767.25,768.17 1 0
github.com/garaemon/devgo/cmd/up.go:768.17,769.51 1 0
github.com/garaemon/devgo/cmd/up.go:769.51,771.6 1 0
github.com/garaemon/devgo/cmd/up.go:773.4,773.57 1 0
github.com/garaemon/devgo/cmd/up.go:778.2,779.27 2 0
github.com/garaemon/devgo/cmd/up.go:779.27,781.3 1 0
github.com/garaemon/devgo/cmd/up.go:784.2,791.36 7 0
github.com/garaemon/devgo/cmd/up.go:791.36,793.3 1 0
github.com/garaemon/devgo/cmd/up.go:795.2,796.81 2 0
github.com/garaemon/devgo/cmd/up.go:799.84,801.16 2 4
github.com/garaemon/devgo/cmd/up.go:801.16,803.3 1 0
github.com/garaemon/devgo/cmd/up.go:804.2,804.15 1 4
github.com/garaemon/devgo/cmd/up.go:804.15,806.3 1 4
github.com/garaemon/devgo/cmd/up.go:808.2,809.16 2 4
github.com/garaemon/devgo/cmd/up.go:809.16,811.3 1 4
github.com/garaemon/devgo/cmd/up.go:813.2,814.39 2 0
github.com/garaemon/devgo/cmd/up.go:814.39,816.22 2 0
github.com/garaemon/devgo/cmd/up.go:816.22,818.4 1 0
github.com/garaemon/devgo/cmd/up.go:820.2,820.17 1 0
github.com/garaemon/devgo/cmd/up.go:823.114,826.33 2 0
github.com/garaemon/devgo/cmd/up.go:826.33,828.3 1 0
github.com/garaemon/devgo/cmd/up.go:829.2,834.16 5 0
github.com/garaemon/devgo/cmd/up.go:834.16,836.3 1 0
github.com/garaemon/devgo/cmd/up.go:845.2,848.15 4 0
github.com/garaemon/devgo/cmd/up.go:848.15,850.3 1 0
github.com/garaemon/devgo/cmd/up.go:852.2,853.20 2 0
github.com/garaemon/devgo/cmd/up.go:853.20,855.3 1 0
github.com/garaemon/devgo/cmd/up.go:857.2,859.22 3 0
github.com/garaemon/devgo/cmd/up.go:859.22,861.3 1 0
github.com/garaemon/devgo/cmd/up.go:862.2,863.20 2 0
github.com/garaemon/devgo/cmd/up.go:863.20,865.3 1 0
github.com/garaemon/devgo/cmd/up.go:867.2,868.53 2 0
github.com/garaemon/devgo/cmd/up.go:871.87,872.19 1 0
github.com/garaemon/devgo/cmd/up.go:872.19,874.3 1 0
github.com/garaemon/devgo/cmd/up.go:876.2,877.16 2 0
github.com/garaemon/devgo/cmd/up.go:877.16,879.3 1 0
github.com/garaemon/devgo/cmd/up.go:880.2,880.15 1 0
github.com/garaemon/devgo/cmd/up.go:880.15,882.3 1 0
github.com/garaemon/devgo/cmd/up.go:884.2,889.24 5 0
github.com/garaemon/devgo/cmd/up.go:889.24,893.3 3 0
github.com/garaemon/devgo/cmd/up.go:895.2,895.62 1 0
github.com/garaemon/devgo/cmd/up.go:895.62,898.3 2 0
github.com/garaemon/devgo/cmd/up.go:900.2,900.25 1 0
github.com/garaemon/devgo/cmd/user_commands.go:16.50,18.16 2 2
github.com/garaemon/devgo/cmd/user_commands.go:18.16,20.3 1 0
github.com/garaemon/devgo/cmd/user_commands.go:22.2,23.16 2 2
github.com/garaemon/devgo/cmd/user_commands.go:23.16,25.3 1 1
github.com/garaemon/devgo/cmd/user_commands.go:27.2,29.16 3 1
github.com/garaemon/devgo/cmd/user_commands.go:29.16,31.3 1 1
github.com/garaemon/devgo/cmd/user_commands.go:33.2,34.52 2 0
github.com/garaemon/devgo/cmd/user_commands.go:34.52,36.3 1 0
github.com/garaemon/devgo/cmd/user_commands.go:39.2,39.93 1 0
github.com/garaemon/devgo/cmd/user_commands.go:39.93,41.3 1 0
github.com/garaemon/devgo/cmd/user_commands.go:43.2,43.12 1 0
github.com/garaemon/devgo/cmd/user_commands.go:46.108,48.16 2 3
github.com/garaemon/devgo/cmd/user_commands.go:48.16,50.3 1 0
github.com/garaemon/devgo/cmd/user_commands.go:51.2,51.15 1 3
github.com/garaemon/devgo/cmd/user_commands.go:51.15,52.47 1 3
github.com/garaemon/devgo/cmd/user_commands.go:52.47,54.4 1 0
github.com/garaemon/devgo/cmd/user_commands.go:57.2,64.16 4 3
github.com/garaemon/devgo/cmd/user_commands.go:64.16,66.3 1 0
github.com/garaemon/devgo/cmd/user_commands.go:68.2,68.26 1 3
github.com/garaemon/devgo/cmd/user_commands.go:68.26,70.3 1 3
github.com/garaemon/devgo/cmd/user_commands.go:73.2,73.39 1 0
github.com/garaemon/devgo/cmd/user_commands.go:73.39,75.88 1 0
github.com/garaemon/devgo/cmd/user_commands.go:75.88,77.50 2 0
github.com/garaemon/devgo/cmd/user_commands.go:77.50,79.5 1 0
github.com/garaemon/devgo/cmd/user_commands.go:84.2,84.40 1 0
github.com/garaemon/devgo/cmd/user_commands.go:87.131,91.76 2 4
github.com/garaemon/devgo/cmd/user_commands.go:91.76,92.96 1 4
github.com/garaemon/devgo/cmd/user_commands.go:92.96,94.4 1 3
github.com/garaemon/devgo/cmd/user_commands.go:97.2,97.81 1 1
github.com/garaemon/devgo/cmd/user_commands.go:97.81,98.101 1 1
github.com/garaemon/devgo/cmd/user_commands.go:98.101,100.4 1 0
github.com/garaemon/devgo/cmd/user_commands.go:103.2,103.78 1 1
github.com/garaemon/devgo/cmd/user_commands.go:103.78,104.98 1 1
github.com/garaemon/devgo/cmd/user_commands.go:104.98,106.4 1 0
github.com/garaemon/devgo/cmd/user_commands.go:109.2,109.77 1 1
github.com/garaemon/devgo/cmd/user_commands.go:109.77,110.97 1 1
github.com/garaemon/devgo/cmd/user_commands.go:110.97,112.4 1 1
github.com/garaemon/devgo/cmd/user_commands.go:116.2,116.97 1 0
github.com/garaemon/devgo/cmd/user_commands.go:116.97,118.3 1 0
github.com/garaemon/devgo/cmd/user_commands.go:120.2,121.12 2 0
